Last login: Sat May 28 09:37:32 on ttys000
autopoint		git			msgattrib		msgexec			msgunfmt		recode-sr-latin
brew			git-cvsserver		msgcat			msgfilter		msguniq			xgettext
envsubst		git-receive-pack	msgcmp			msgfmt			ngettext
gettext			git-shell		msgcomm			msggrep			pcre2-config
gettext.sh		git-upload-archive	msgconv			msginit			pcre2grep
gettextize		git-upload-pack		msgen			msgmerge		pcre2test
rajaniapple@Rajanis-MacBook-Pro ~ % cd /Users/rajaniapple/Desktop/GitHub/CS/NuGet 
rajaniapple@Rajanis-MacBook-Pro NuGet % dotnet --version
6.0.300
rajaniapple@Rajanis-MacBook-Pro NuGet % dotnet --help
Usage: dotnet [runtime-options] [path-to-application] [arguments]

Execute a .NET application.

runtime-options:
  --additionalprobingpath <path>   Path containing probing policy and assemblies to probe for.
  --additional-deps <path>         Path to additional deps.json file.
  --depsfile                       Path to <application>.deps.json file.
  --fx-version <version>           Version of the installed Shared Framework to use to run the application.
  --roll-forward <setting>         Roll forward to framework version  (LatestPatch, Minor, LatestMinor, Major, LatestMajor, Disable).
  --runtimeconfig                  Path to <application>.runtimeconfig.json file.

path-to-application:
  The path to an application .dll file to execute.

Usage: dotnet [sdk-options] [command] [command-options] [arguments]

Execute a .NET SDK command.

sdk-options:
  -d|--diagnostics  Enable diagnostic output.
  -h|--help         Show command line help.
  --info            Display .NET information.
  --list-runtimes   Display the installed runtimes.
  --list-sdks       Display the installed SDKs.
  --version         Display .NET SDK version in use.

SDK commands:
  add               Add a package or reference to a .NET project.
  build             Build a .NET project.
  build-server      Interact with servers started by a build.
  clean             Clean build outputs of a .NET project.
  format            Apply style preferences to a project or solution.
  help              Show command line help.
  list              List project references of a .NET project.
  msbuild           Run Microsoft Build Engine (MSBuild) commands.
  new               Create a new .NET project or file.
  nuget             Provides additional NuGet commands.
  pack              Create a NuGet package.
  publish           Publish a .NET project for deployment.
  remove            Remove a package or reference from a .NET project.
  restore           Restore dependencies specified in a .NET project.
  run               Build and run a .NET project output.
  sdk               Manage .NET SDK installation.
  sln               Modify Visual Studio solution files.
  store             Store the specified assemblies in the runtime package store.
  test              Run unit tests using the test runner specified in a .NET project.
  tool              Install or manage tools that extend the .NET experience.
  vstest            Run Microsoft Test Engine (VSTest) commands.
  workload          Manage optional workloads.

Additional commands from bundled tools:
  dev-certs         Create and manage development certificates.
  fsi               Start F# Interactive / execute F# scripts.
  sql-cache         SQL Server cache command-line tools.
  user-secrets      Manage development user secrets.
  watch             Start a file watcher that runs a command when files change.

Run 'dotnet [command] --help' for more information on a command.
rajaniapple@Rajanis-MacBook-Pro NuGet % dotnet --list-runtimes
Microsoft.AspNetCore.App 6.0.1 [/usr/local/share/dotnet/shared/Microsoft.AspNetCore.App]
Microsoft.AspNetCore.App 6.0.4 [/usr/local/share/dotnet/shared/Microsoft.AspNetCore.App]
Microsoft.AspNetCore.App 6.0.5 [/usr/local/share/dotnet/shared/Microsoft.AspNetCore.App]
Microsoft.NETCore.App 6.0.1 [/usr/local/share/dotnet/shared/Microsoft.NETCore.App]
Microsoft.NETCore.App 6.0.4 [/usr/local/share/dotnet/shared/Microsoft.NETCore.App]
Microsoft.NETCore.App 6.0.5 [/usr/local/share/dotnet/shared/Microsoft.NETCore.App]
rajaniapple@Rajanis-MacBook-Pro NuGet % dotnet --list-sdks 
6.0.101 [/usr/local/share/dotnet/sdk]
6.0.202 [/usr/local/share/dotnet/sdk]
6.0.203 [/usr/local/share/dotnet/sdk]
6.0.300 [/usr/local/share/dotnet/sdk]
rajaniapple@Rajanis-MacBook-Pro NuGet % csc -version
3.9.0-6.21124.20 (db94f4cc)
rajaniapple@Rajanis-MacBook-Pro NuGet % csc -help
Microsoft (R) Visual C# Compiler version 3.9.0-6.21124.20 (db94f4cc)
Copyright (C) Microsoft Corporation. All rights reserved.


                             Visual C# Compiler Options

                       - OUTPUT FILES -
-out:<file>                   Specify output file name (default: base name of
                              file with main class or first file)
-target:exe                   Build a console executable (default) (Short
                              form: -t:exe)
-target:winexe                Build a Windows executable (Short form:
                              -t:winexe)
-target:library               Build a library (Short form: -t:library)
-target:module                Build a module that can be added to another
                              assembly (Short form: -t:module)
-target:appcontainerexe       Build an Appcontainer executable (Short form:
                              -t:appcontainerexe)
-target:winmdobj              Build a Windows Runtime intermediate file that
                              is consumed by WinMDExp (Short form: -t:winmdobj)
-doc:<file>                   XML Documentation file to generate
-refout:<file>                Reference assembly output to generate
-platform:<string>            Limit which platforms this code can run on: x86,
                              Itanium, x64, arm, arm64, anycpu32bitpreferred, or
                              anycpu. The default is anycpu.

                       - INPUT FILES -
-recurse:<wildcard>           Include all files in the current directory and
                              subdirectories according to the wildcard
                              specifications
-reference:<alias>=<file>     Reference metadata from the specified assembly
                              file using the given alias (Short form: -r)
-reference:<file list>        Reference metadata from the specified assembly
                              files (Short form: -r)
-addmodule:<file list>        Link the specified modules into this assembly
-link:<file list>             Embed metadata from the specified interop
                              assembly files (Short form: -l)
-analyzer:<file list>         Run the analyzers from this assembly
                              (Short form: -a)
-additionalfile:<file list>   Additional files that don't directly affect code
                              generation but may be used by analyzers for producing
                              errors or warnings.
-embed                        Embed all source files in the PDB.
-embed:<file list>            Embed specific files in the PDB.

                       - RESOURCES -
-win32res:<file>              Specify a Win32 resource file (.res)
-win32icon:<file>             Use this icon for the output
-win32manifest:<file>         Specify a Win32 manifest file (.xml)
-nowin32manifest              Do not include the default Win32 manifest
-resource:<resinfo>           Embed the specified resource (Short form: -res)
-linkresource:<resinfo>       Link the specified resource to this assembly
                              (Short form: -linkres) Where the resinfo format
                              is <file>[,<string name>[,public|private]]

                       - CODE GENERATION -
-debug[+|-]                   Emit debugging information
-debug:{full|pdbonly|portable|embedded}
                              Specify debugging type ('full' is default,
                              'portable' is a cross-platform format,
                              'embedded' is a cross-platform format embedded into
                              the target .dll or .exe)
-optimize[+|-]                Enable optimizations (Short form: -o)
-deterministic                Produce a deterministic assembly
                              (including module version GUID and timestamp)
-refonly                      Produce a reference assembly in place of the main output
-instrument:TestCoverage      Produce an assembly instrumented to collect
                              coverage information
-sourcelink:<file>            Source link info to embed into PDB.

                       - ERRORS AND WARNINGS -
-warnaserror[+|-]             Report all warnings as errors
-warnaserror[+|-]:<warn list> Report specific warnings as errors
                              (use "nullable" for all nullability warnings)
-warn:<n>                     Set warning level (0 or higher) (Short form: -w)
-nowarn:<warn list>           Disable specific warning messages
                              (use "nullable" for all nullability warnings)
-ruleset:<file>               Specify a ruleset file that disables specific
                              diagnostics.
-errorlog:<file>[,version=<sarif_version>]
                              Specify a file to log all compiler and analyzer
                              diagnostics.
                              sarif_version:{1|2|2.1} Default is 1. 2 and 2.1
                              both mean SARIF version 2.1.0.
-reportanalyzer               Report additional analyzer information, such as
                              execution time.
-skipanalyzers[+|-]           Skip execution of diagnostic analyzers.

                       - LANGUAGE -
-checked[+|-]                 Generate overflow checks
-unsafe[+|-]                  Allow 'unsafe' code
-define:<symbol list>         Define conditional compilation symbol(s) (Short
                              form: -d)
-langversion:?                Display the allowed values for language version
-langversion:<string>         Specify language version such as
                              `latest` (latest version, including minor versions),
                              `default` (same as `latest`),
                              `latestmajor` (latest version, excluding minor versions),
                              `preview` (latest version, including features in unsupported preview),
                              or specific versions like `6` or `7.1`
-nullable[+|-]                Specify nullable context option enable|disable.
-nullable:{enable|disable|warnings|annotations}
                              Specify nullable context option enable|disable|warnings|annotations.

                       - SECURITY -
-delaysign[+|-]               Delay-sign the assembly using only the public
                              portion of the strong name key
-publicsign[+|-]              Public-sign the assembly using only the public
                              portion of the strong name key
-keyfile:<file>               Specify a strong name key file
-keycontainer:<string>        Specify a strong name key container
-highentropyva[+|-]           Enable high-entropy ASLR

                       - MISCELLANEOUS -
@<file>                       Read response file for more options
-help                         Display this usage message (Short form: -?)
-nologo                       Suppress compiler copyright message
-noconfig                     Do not auto include CSC.RSP file
-parallel[+|-]                Concurrent build.
-version                      Display the compiler version number and exit.

                       - ADVANCED -
-baseaddress:<address>        Base address for the library to be built
-checksumalgorithm:<alg>      Specify algorithm for calculating source file
                              checksum stored in PDB. Supported values are:
                              SHA1 or SHA256 (default).
-codepage:<n>                 Specify the codepage to use when opening source
                              files
-utf8output                   Output compiler messages in UTF-8 encoding
-main:<type>                  Specify the type that contains the entry point
                              (ignore all other possible entry points) (Short
                              form: -m)
-fullpaths                    Compiler generates fully qualified paths
-filealign:<n>                Specify the alignment used for output file
                              sections
-pathmap:<K1>=<V1>,<K2>=<V2>,...
                              Specify a mapping for source path names output by
                              the compiler.
-pdb:<file>                   Specify debug information file name (default:
                              output file name with .pdb extension)
-errorendlocation             Output line and column of the end location of
                              each error
-preferreduilang              Specify the preferred output language name.
-nosdkpath                    Disable searching the default SDK path for standard library assemblies.
-nostdlib[+|-]                Do not reference standard library (mscorlib.dll)
-subsystemversion:<string>    Specify subsystem version of this assembly
-lib:<file list>              Specify additional directories to search in for
                              references
-errorreport:<string>         Specify how to handle internal compiler errors:
                              prompt, send, queue, or none. The default is
                              queue.
-appconfig:<file>             Specify an application configuration file
                              containing assembly binding settings
-moduleassemblyname:<string>  Name of the assembly which this module will be
                              a part of
-modulename:<string>          Specify the name of the source module
-generatedfilesout:<dir>      Place files generated during compilation in the
                              specified directory.

rajaniapple@Rajanis-MacBook-Pro NuGet % csc Program.cs
Microsoft (R) Visual C# Compiler version 3.9.0-6.21124.20 (db94f4cc)
Copyright (C) Microsoft Corporation. All rights reserved.

rajaniapple@Rajanis-MacBook-Pro NuGet % mono --version
Mono JIT compiler version 6.12.0.174 (2020-02/adf1bc4335d Tue Mar 22 17:57:38 EDT 2022)
Copyright (C) 2002-2014 Novell, Inc, Xamarin Inc and Contributors. www.mono-project.com
	TLS:           
	SIGSEGV:       altstack
	Notification:  kqueue
	Architecture:  amd64
	Disabled:      none
	Misc:          softdebug 
	Interpreter:   yes
	LLVM:          yes(610)
	Suspend:       hybrid
	GC:            sgen (concurrent by default)
rajaniapple@Rajanis-MacBook-Pro NuGet % mono --help
Usage is: mono [options] program [program-options]

Development:
    --aot[=<options>]      Compiles the assembly to native code
    --debug[=<options>]    Enable debugging support, use --help-debug for details
    --debugger-agent=options Enable the debugger agent
    --profile[=profiler]   Runs in profiling mode with the specified profiler module
    --trace[=EXPR]         Enable tracing, use --help-trace for details
    --jitmap               Output a jit method map to /tmp/perf-PID.map
    --help-devel           Shows more options available to developers

Runtime:
    --config FILE          Loads FILE as the Mono config
    --verbose, -v          Increases the verbosity level
    --help, -h             Show usage information
    --version, -V          Show version information
    --version=number       Show version number
    --runtime=VERSION      Use the VERSION runtime, instead of autodetecting
    --optimize=OPT         Turns on or off a specific optimization
                           Use --list-opt to get a list of optimizations
    --attach=OPTIONS       Pass OPTIONS to the attach agent in the runtime.
                           Currently the only supported option is 'disable'.
    --llvm, --nollvm       Controls whenever the runtime uses LLVM to compile code.
    --gc=[sgen,boehm]      Select SGen or Boehm GC (runs mono or mono-sgen)
    --arch=[32,64]         Select architecture (runs mono32 or mono64)
    --handlers             Install custom handlers, use --help-handlers for details.
    --aot-path=PATH        List of additional directories to search for AOT images.
rajaniapple@Rajanis-MacBook-Pro NuGet % mono Program.exe
Environment.Version: 4.0.30319.42000
RuntimeInformation.FrameworkDescription: Mono 6.12.0.174 (2020-02/adf1bc4335d Tue Mar 22 17:57:38 EDT 2022)

Hello World!
rajaniapple@Rajanis-MacBook-Pro NuGet % mcs --version
Mono C# compiler version 6.12.0.0
rajaniapple@Rajanis-MacBook-Pro NuGet % mcs --help
Turbo C# compiler, Copyright 2001-2011 Novell, Inc., 2011-2016 Xamarin, Inc, 2016-2017 Microsoft Corp
mcs [options] source-files
   --about              About the Mono C# compiler
   -addmodule:M1[,Mn]   Adds the module to the generated assembly
   -checked[+|-]        Sets default aritmetic overflow context
   -clscheck[+|-]       Disables CLS Compliance verifications
   -codepage:ID         Sets code page to the one in ID (number, utf8, reset)
   -define:S1[;S2]      Defines one or more conditional symbols (short: -d)
   -debug[+|-], -g      Generate debugging information
   -delaysign[+|-]      Only insert the public key into the assembly (no signing)
   -doc:FILE            Process documentation comments to XML file
   -fullpaths           Any issued error or warning uses absolute file path
   -help                Lists all compiler options (short: -?)
   -keycontainer:NAME   The key pair container used to sign the output assembly
   -keyfile:FILE        The key file used to strongname the ouput assembly
   -langversion:TEXT    Specifies language version: ISO-1, ISO-2, 3, 4, 5, 6, Default or Experimental
   -lib:PATH1[,PATHn]   Specifies the location of referenced assemblies
   -main:CLASS          Specifies the class with the Main method (short: -m)
   -noconfig            Disables implicitly referenced assemblies
   -nostdlib[+|-]       Does not reference mscorlib.dll library
   -nowarn:W1[,Wn]      Suppress one or more compiler warnings
   -optimize[+|-]       Enables advanced compiler optimizations (short: -o)
   -out:FILE            Specifies output assembly name
   -pathmap:K=V[,Kn=Vn] Sets a mapping for source path names used in generated output
   -pkg:P1[,Pn]         References packages P1..Pn
   -platform:ARCH       Specifies the target platform of the output assembly
                        ARCH can be one of: anycpu, anycpu32bitpreferred, arm,
                        x86, x64 or itanium. The default is anycpu.
   -recurse:SPEC        Recursively compiles files according to SPEC pattern
   -reference:A1[,An]   Imports metadata from the specified assembly (short: -r)
   -reference:ALIAS=A   Imports metadata using specified extern alias (short: -r)
   -sdk:VERSION         Specifies SDK version of referenced assemblies
                        VERSION can be one of: 2, 4, 4.5 (default) or a custom value
   -target:KIND         Specifies the format of the output assembly (short: -t)
                        KIND can be one of: exe, winexe, library, module
   -unsafe[+|-]         Allows to compile code which uses unsafe keyword
   -warnaserror[+|-]    Treats all warnings as errors
   -warnaserror[+|-]:W1[,Wn] Treats one or more compiler warnings as errors
   -warn:0-4            Sets warning level, the default is 4 (short -w:)
   -helpinternal        Shows internal and advanced compiler options

Resources:
   -linkresource:FILE[,ID] Links FILE as a resource (short: -linkres)
   -resource:FILE[,ID]     Embed FILE as a resource (short: -res)
   -win32res:FILE          Specifies Win32 resource file (.res)
   -win32icon:FILE         Use this icon for the output
   @file                   Read response file for more options

Options can be of the form -option or /option
rajaniapple@Rajanis-MacBook-Pro NuGet % mcs Program.cs
rajaniapple@Rajanis-MacBook-Pro NuGet % mono Program.exe
Environment.Version: 4.0.30319.42000
RuntimeInformation.FrameworkDescription: Mono 6.12.0.174 (2020-02/adf1bc4335d Tue Mar 22 17:57:38 EDT 2022)

Hello World!
rajaniapple@Rajanis-MacBook-Pro NuGet % nuget help
NuGet Version: 5.9.0.7134
usage: NuGet <command> [args] [options] 
Type 'NuGet help <command>' for help on a specific command.

Available commands:

 add               Adds the given package to a hierarchical source. http sources are not supported. For more info, goto https://docs.nuget.org/consume/command-l
                   ine-reference#add-command.

 client-certs      Provides the ability to manage list of client certificates located in NuGet.config files

 config            Gets or sets NuGet config values.

 delete            Deletes a package from the server.

 help (?)          Displays general help information and help information about other commands.

 init              Adds all the packages from the <srcPackageSourcePath> to the hierarchical <destPackageSourcePath>. http feeds are not supported. For more inf
                   o, goto https://docs.nuget.org/consume/command-line-reference#init-command.

 install           Installs a package using the specified sources. If no sources are specified, all sources defined in the NuGet configuration file are used. If
                   the configuration file specifies no sources, uses the default NuGet feed.

 list              Displays a list of packages from a given source. If no sources are specified, all sources defined in %AppData%\NuGet\NuGet.config are used. I
                   f NuGet.config specifies no sources, uses the default NuGet feed.

 locals            Clears or lists local NuGet resources such as http requests cache, temp cache or machine-wide global packages folder.

 pack              Creates a NuGet package based on the specified nuspec or project file.

 push              Pushes a package to the server and publishes it.
                   NuGet's default configuration is obtained by loading %AppData%\NuGet\NuGet.config, then loading any nuget.config or .nuget\nuget.config start
                   ing from root of drive and ending in current directory.

 restore           Restores NuGet packages.

 search            Searches a given source using the query string provided. If no sources are specified, all sources defined in %AppData%\NuGet\NuGet.config are
                   used.

 setApiKey         Saves an API key for a given server URL. When no URL is provided API key is saved for the NuGet gallery.

 sign              Signs a NuGet package with the specified certificate.

 sources           Provides the ability to manage list of sources located in NuGet.config files.

 spec              Generates a nuspec for a new package. If this command is run in the same folder as a project file (.csproj, .vbproj, .fsproj), it will create
                   a tokenized nuspec file.

 trusted-signers   Provides the ability to manage the list of trusted signers.

 update            Update packages to latest available versions. This command also updates NuGet.exe itself.

 verify            Verifies a signed NuGet package.

For more information, visit https://docs.nuget.org/docs/reference/command-line-reference
rajaniapple@Rajanis-MacBook-Pro NuGet % nuget install Microsoft.Net.Compilers -Version 4.2.0
Feeds used:
  /Users/rajaniapple/.nuget/packages/
  https://api.nuget.org/v3/index.json



Attempting to gather dependency information for package 'Microsoft.Net.Compilers.4.2.0' with respect to project '/Users/rajaniapple/Desktop/GitHub/CS/NuGet', targeting 'Any,Version=v0.0'
Gathering dependency information took 2.98 sec
Attempting to resolve dependencies for package 'Microsoft.Net.Compilers.4.2.0' with DependencyBehavior 'Lowest'
Resolving dependency information took 0 ms
Resolving actions to install package 'Microsoft.Net.Compilers.4.2.0'
Resolved actions to install package 'Microsoft.Net.Compilers.4.2.0'
Retrieving package 'Microsoft.Net.Compilers 4.2.0' from '/Users/rajaniapple/.nuget/packages/'.
Adding package 'Microsoft.Net.Compilers.4.2.0' to folder '/Users/rajaniapple/Desktop/GitHub/CS/NuGet'
Added package 'Microsoft.Net.Compilers.4.2.0' to folder '/Users/rajaniapple/Desktop/GitHub/CS/NuGet'
Successfully installed 'Microsoft.Net.Compilers 4.2.0' to /Users/rajaniapple/Desktop/GitHub/CS/NuGet
Executing nuget actions took 333 ms
rajaniapple@Rajanis-MacBook-Pro NuGet % mono Microsoft.Net.Compilers.4.2.0/tools/csc.exe -version
4.2.0-4.22262.19 (46c8f4f5)
rajaniapple@Rajanis-MacBook-Pro NuGet % mono Microsoft.Net.Compilers.4.2.0/tools/csc.exe -help 
Microsoft (R) Visual C# Compiler version 4.2.0-4.22262.19 (46c8f4f5)
Copyright (C) Microsoft Corporation. All rights reserved.


                             Visual C# Compiler Options

                       - OUTPUT FILES -
-out:<file>                   Specify output file name (default: base name of
                              file with main class or first file)
-target:exe                   Build a console executable (default) (Short
                              form: -t:exe)
-target:winexe                Build a Windows executable (Short form:
                              -t:winexe)
-target:library               Build a library (Short form: -t:library)
-target:module                Build a module that can be added to another
                              assembly (Short form: -t:module)
-target:appcontainerexe       Build an Appcontainer executable (Short form:
                              -t:appcontainerexe)
-target:winmdobj              Build a Windows Runtime intermediate file that
                              is consumed by WinMDExp (Short form: -t:winmdobj)
-doc:<file>                   XML Documentation file to generate
-refout:<file>                Reference assembly output to generate
-platform:<string>            Limit which platforms this code can run on: x86,
                              Itanium, x64, arm, arm64, anycpu32bitpreferred, or
                              anycpu. The default is anycpu.

                       - INPUT FILES -
-recurse:<wildcard>           Include all files in the current directory and
                              subdirectories according to the wildcard
                              specifications
-reference:<alias>=<file>     Reference metadata from the specified assembly
                              file using the given alias (Short form: -r)
-reference:<file list>        Reference metadata from the specified assembly
                              files (Short form: -r)
-addmodule:<file list>        Link the specified modules into this assembly
-link:<file list>             Embed metadata from the specified interop
                              assembly files (Short form: -l)
-analyzer:<file list>         Run the analyzers from this assembly
                              (Short form: -a)
-additionalfile:<file list>   Additional files that don't directly affect code
                              generation but may be used by analyzers for producing
                              errors or warnings.
-embed                        Embed all source files in the PDB.
-embed:<file list>            Embed specific files in the PDB.

                       - RESOURCES -
-win32res:<file>              Specify a Win32 resource file (.res)
-win32icon:<file>             Use this icon for the output
-win32manifest:<file>         Specify a Win32 manifest file (.xml)
-nowin32manifest              Do not include the default Win32 manifest
-resource:<resinfo>           Embed the specified resource (Short form: -res)
-linkresource:<resinfo>       Link the specified resource to this assembly
                              (Short form: -linkres) Where the resinfo format
                              is <file>[,<string name>[,public|private]]

                       - CODE GENERATION -
-debug[+|-]                   Emit debugging information
-debug:{full|pdbonly|portable|embedded}
                              Specify debugging type ('full' is default,
                              'portable' is a cross-platform format,
                              'embedded' is a cross-platform format embedded into
                              the target .dll or .exe)
-optimize[+|-]                Enable optimizations (Short form: -o)
-deterministic                Produce a deterministic assembly
                              (including module version GUID and timestamp)
-refonly                      Produce a reference assembly in place of the main output
-instrument:TestCoverage      Produce an assembly instrumented to collect
                              coverage information
-sourcelink:<file>            Source link info to embed into PDB.

                       - ERRORS AND WARNINGS -
-warnaserror[+|-]             Report all warnings as errors
-warnaserror[+|-]:<warn list> Report specific warnings as errors
                              (use "nullable" for all nullability warnings)
-warn:<n>                     Set warning level (0 or higher) (Short form: -w)
-nowarn:<warn list>           Disable specific warning messages
                              (use "nullable" for all nullability warnings)
-ruleset:<file>               Specify a ruleset file that disables specific
                              diagnostics.
-errorlog:<file>[,version=<sarif_version>]
                              Specify a file to log all compiler and analyzer
                              diagnostics.
                              sarif_version:{1|2|2.1} Default is 1. 2 and 2.1
                              both mean SARIF version 2.1.0.
-reportanalyzer               Report additional analyzer information, such as
                              execution time.
-skipanalyzers[+|-]           Skip execution of diagnostic analyzers.

                       - LANGUAGE -
-checked[+|-]                 Generate overflow checks
-unsafe[+|-]                  Allow 'unsafe' code
-define:<symbol list>         Define conditional compilation symbol(s) (Short
                              form: -d)
-langversion:?                Display the allowed values for language version
-langversion:<string>         Specify language version such as
                              `latest` (latest version, including minor versions),
                              `default` (same as `latest`),
                              `latestmajor` (latest version, excluding minor versions),
                              `preview` (latest version, including features in unsupported preview),
                              or specific versions like `6` or `7.1`
-nullable[+|-]                Specify nullable context option enable|disable.
-nullable:{enable|disable|warnings|annotations}
                              Specify nullable context option enable|disable|warnings|annotations.

                       - SECURITY -
-delaysign[+|-]               Delay-sign the assembly using only the public
                              portion of the strong name key
-publicsign[+|-]              Public-sign the assembly using only the public
                              portion of the strong name key
-keyfile:<file>               Specify a strong name key file
-keycontainer:<string>        Specify a strong name key container
-highentropyva[+|-]           Enable high-entropy ASLR

                       - MISCELLANEOUS -
@<file>                       Read response file for more options
-help                         Display this usage message (Short form: -?)
-nologo                       Suppress compiler copyright message
-noconfig                     Do not auto include CSC.RSP file
-parallel[+|-]                Concurrent build.
-version                      Display the compiler version number and exit.

                       - ADVANCED -
-baseaddress:<address>        Base address for the library to be built
-checksumalgorithm:<alg>      Specify algorithm for calculating source file
                              checksum stored in PDB. Supported values are:
                              SHA1 or SHA256 (default).
-codepage:<n>                 Specify the codepage to use when opening source
                              files
-utf8output                   Output compiler messages in UTF-8 encoding
-main:<type>                  Specify the type that contains the entry point
                              (ignore all other possible entry points) (Short
                              form: -m)
-fullpaths                    Compiler generates fully qualified paths
-filealign:<n>                Specify the alignment used for output file
                              sections
-pathmap:<K1>=<V1>,<K2>=<V2>,...
                              Specify a mapping for source path names output by
                              the compiler.
-pdb:<file>                   Specify debug information file name (default:
                              output file name with .pdb extension)
-errorendlocation             Output line and column of the end location of
                              each error
-preferreduilang              Specify the preferred output language name.
-nosdkpath                    Disable searching the default SDK path for standard library assemblies.
-nostdlib[+|-]                Do not reference standard library (mscorlib.dll)
-subsystemversion:<string>    Specify subsystem version of this assembly
-lib:<file list>              Specify additional directories to search in for
                              references
-errorreport:<string>         Specify how to handle internal compiler errors:
                              prompt, send, queue, or none. The default is
                              queue.
-appconfig:<file>             Specify an application configuration file
                              containing assembly binding settings
-moduleassemblyname:<string>  Name of the assembly which this module will be
                              a part of
-modulename:<string>          Specify the name of the source module
-generatedfilesout:<dir>      Place files generated during compilation in the
                              specified directory.

rajaniapple@Rajanis-MacBook-Pro NuGet % mono Program.exe
Environment.Version: 4.0.30319.42000
RuntimeInformation.FrameworkDescription: Mono 6.12.0.174 (2020-02/adf1bc4335d Tue Mar 22 17:57:38 EDT 2022)

Hello World!
rajaniapple@Rajanis-MacBook-Pro NuGet % csi -version
3.9.0-6.21124.20 ()
rajaniapple@Rajanis-MacBook-Pro NuGet % csi -help
Microsoft (R) Visual C# Interactive Compiler version 3.9.0-6.21124.20 ()
Copyright (C) Microsoft Corporation. All rights reserved.

Usage: csi [option] ... [script-file.csx] [script-argument] ...

Executes script-file.csx if specified, otherwise launches an interactive REPL (Read Eval Print Loop).

Options:
  /help                          Display this usage message (alternative form: /?)
  /version                       Display the version and exit
  /i                             Drop to REPL after executing the specified script.
  /r:<file>                      Reference metadata from the specified assembly file (alternative form: /reference)
  /r:<file list>                 Reference metadata from the specified assembly files (alternative form: /reference)
  /lib:<path list>               List of directories where to look for libraries specified by #r directive. 
                                 (alternative forms: /libPath /libPaths)
  /u:<namespace>                 Define global namespace using (alternative forms: /using, /usings, /import, /imports)
  /langversion:?                 Display the allowed values for language version and exit
  /langversion:<string>          Specify language version such as
                                 `latest` (latest version, including minor versions),
                                 `default` (same as `latest`),
                                 `latestmajor` (latest version, excluding minor versions),
                                 `preview` (latest version, including features in unsupported preview),
                                 or specific versions like `6` or `7.1`
  @<file>                        Read response file for more options
  --                             Indicates that the remaining arguments should not be treated as options.
rajaniapple@Rajanis-MacBook-Pro NuGet % csi
Microsoft (R) Visual C# Interactive Compiler version 3.9.0-6.21124.20 ()
Copyright (C) Microsoft Corporation. All rights reserved.

Type "#help" for more information.
> #help
Keyboard shortcuts:
  Enter         If the current submission appears to be complete, evaluate it.  Otherwise, insert a new line.
  Escape        Clear the current submission.
  UpArrow       Replace the current submission with a previous submission.
  DownArrow     Replace the current submission with a subsequent submission (after having previously navigated backwards).
  Ctrl-C        Exit the REPL.
REPL commands:
  #help         Display help on available commands and key bindings.
Script directives:
  #r            Add a metadata reference to specified assembly and all its dependencies, e.g. #r "myLib.dll".
  #load         Load specified script file and execute it, e.g. #load "myScript.csx".
> using System.Runtime.InteropServices;
> Console.WriteLine($"Environment.Version: {Environment.Version}");
Environment.Version: 4.0.30319.42000
> Console.WriteLine($"RuntimeInformation.FrameworkDescription: {RuntimeInformation.FrameworkDescription}");
RuntimeInformation.FrameworkDescription: Mono 6.12.0.174 (2020-02/adf1bc4335d Tue Mar 22 17:57:38 EDT 2022)
> class Sandbox { public void Print() { Console.WriteLine("Hello World!"); } }
> Sandbox box = new();
> box.Print();
Hello World!
> %                                                                                                                                                                                                                                                                                                                   rajaniapple@Rajanis-MacBook-Pro NuGet % 
