Last login: Mon Apr 29 21:21:59 on console
rajaniapple@Rajanis-MacBook-Pro ~ % dotnet --version                                                                   
8.0.204
rajaniapple@Rajanis-MacBook-Pro ~ % cd /Users/rajaniapple/Desktop/GitHub/CS/macOSarm64/Blazor/Blazor/8.0/MauiBlazorWeb 
rajaniapple@Rajanis-MacBook-Pro MauiBlazorWeb % cd MauiBlazorWeb.Maui
rajaniapple@Rajanis-MacBook-Pro MauiBlazorWeb.Maui % dotnet run           
The launch profile "(Default)" could not be applied.
A usable launch profile could not be located.
/usr/local/share/dotnet/sdk/8.0.204/Sdks/Microsoft.NET.Sdk/targets/Microsoft.NET.Sdk.ImportWorkloads.targets(38,5): error NETSDK1147: To build this project, the following workloads must be installed: maui-android [/Users/rajaniapple/Desktop/GitHub/CS/macOSarm64/Blazor/Blazor/8.0/MauiBlazorWeb/MauiBlazorWeb.Maui/MauiBlazorWeb.Maui.csproj::TargetFramework=net8.0-android]
/usr/local/share/dotnet/sdk/8.0.204/Sdks/Microsoft.NET.Sdk/targets/Microsoft.NET.Sdk.ImportWorkloads.targets(38,5): error NETSDK1147: To install these workloads, run the following command: dotnet workload restore [/Users/rajaniapple/Desktop/GitHub/CS/macOSarm64/Blazor/Blazor/8.0/MauiBlazorWeb/MauiBlazorWeb.Maui/MauiBlazorWeb.Maui.csproj::TargetFramework=net8.0-android]

The build failed. Fix the build errors and run again.
rajaniapple@Rajanis-MacBook-Pro MauiBlazorWeb.Maui % dotnet workload restore
Installing workloads: maui-android maui-ios maui-maccatalyst
Inadequate permissions. Run the command with elevated privileges.
rajaniapple@Rajanis-MacBook-Pro MauiBlazorWeb.Maui % sudo dotnet workload restore
Password:

Welcome to .NET 8.0!
---------------------
SDK Version: 8.0.204

Telemetry
---------
The .NET tools collect usage data in order to help us improve your experience. It is collected by Microsoft and shared with the community. You can opt-out of telemetry by setting the DOTNET_CLI_TELEMETRY_OPTOUT environment variable to '1' or 'true' using your favorite shell.

Read more about .NET CLI Tools telemetry: https://aka.ms/dotnet-cli-telemetry

----------------
Installed an ASP.NET Core HTTPS development certificate.
To trust the certificate, run 'dotnet dev-certs https --trust'
Learn about HTTPS: https://aka.ms/dotnet-https

----------------
Write your first app: https://aka.ms/dotnet-hello-world
Find out what's new: https://aka.ms/dotnet-whats-new
Explore documentation: https://aka.ms/dotnet-docs
Report issues and find source on GitHub: https://github.com/dotnet/core
Use 'dotnet --help' to see available commands or visit: https://aka.ms/dotnet-cli
--------------------------------------------------------------------------------------
Checking the state of installed workloads...
Installing pack Aspire.Hosting.Sdk version 8.0.0-preview.6.24214.1...
Pack Aspire.Hosting.Sdk version 8.0.0-preview.6.24214.1 is already installed.
Writing workload pack installation record for Aspire.Hosting.Sdk version 8.0.0-preview.6.24214.1...
Installing pack Aspire.ProjectTemplates version 8.0.0-preview.6.24214.1...
Pack Aspire.ProjectTemplates version 8.0.0-preview.6.24214.1 is already installed.
Writing workload pack installation record for Aspire.ProjectTemplates version 8.0.0-preview.6.24214.1...
Installing pack Aspire.Hosting.Orchestration.osx-arm64 version 8.0.0-preview.6.24214.1...
Pack Aspire.Hosting.Orchestration.osx-arm64 version 8.0.0-preview.6.24214.1 is already installed.
Writing workload pack installation record for Aspire.Hosting.Orchestration version 8.0.0-preview.6.24214.1...
Installing pack Aspire.Hosting version 8.0.0-preview.6.24214.1...
Pack Aspire.Hosting version 8.0.0-preview.6.24214.1 is already installed.
Writing workload pack installation record for Aspire.Hosting version 8.0.0-preview.6.24214.1...
Installing pack Aspire.Dashboard.Sdk.osx-arm64 version 8.0.0-preview.6.24214.1...
Pack Aspire.Dashboard.Sdk.osx-arm64 version 8.0.0-preview.6.24214.1 is already installed.
Writing workload pack installation record for Aspire.Dashboard.Sdk version 8.0.0-preview.6.24214.1...
Installing pack Microsoft.MacCatalyst.Sdk version 17.2.8053...
Pack Microsoft.MacCatalyst.Sdk version 17.2.8053 is already installed.
Writing workload pack installation record for Microsoft.MacCatalyst.Sdk.net8 version 17.2.8053...
Installing pack Microsoft.MacCatalyst.Sdk version 16.4.7142...
Pack Microsoft.MacCatalyst.Sdk version 16.4.7142 is already installed.
Writing workload pack installation record for Microsoft.MacCatalyst.Sdk.net7 version 16.4.7142...
Installing pack Microsoft.MacCatalyst.Ref version 17.2.8053...
Pack Microsoft.MacCatalyst.Ref version 17.2.8053 is already installed.
Writing workload pack installation record for Microsoft.MacCatalyst.Ref version 17.2.8053...
Installing pack Microsoft.MacCatalyst.Runtime.maccatalyst-x64 version 17.2.8053...
Pack Microsoft.MacCatalyst.Runtime.maccatalyst-x64 version 17.2.8053 is already installed.
Writing workload pack installation record for Microsoft.MacCatalyst.Runtime.maccatalyst-x64 version 17.2.8053...
Installing pack Microsoft.MacCatalyst.Runtime.maccatalyst-arm64 version 17.2.8053...
Pack Microsoft.MacCatalyst.Runtime.maccatalyst-arm64 version 17.2.8053 is already installed.
Writing workload pack installation record for Microsoft.MacCatalyst.Runtime.maccatalyst-arm64 version 17.2.8053...
Installing pack Microsoft.MacCatalyst.Templates version 17.2.8053...
Pack Microsoft.MacCatalyst.Templates version 17.2.8053 is already installed.
Writing workload pack installation record for Microsoft.MacCatalyst.Templates.net8 version 17.2.8053...
Installing pack Microsoft.NETCore.App.Runtime.AOT.osx-arm64.Cross.maccatalyst-arm64 version 8.0.4...
Pack Microsoft.NETCore.App.Runtime.AOT.osx-arm64.Cross.maccatalyst-arm64 version 8.0.4 is already installed.
Writing workload pack installation record for Microsoft.NETCore.App.Runtime.AOT.Cross.maccatalyst-arm64 version 8.0.4...
Installing pack Microsoft.NETCore.App.Runtime.AOT.osx-arm64.Cross.maccatalyst-x64 version 8.0.4...
Pack Microsoft.NETCore.App.Runtime.AOT.osx-arm64.Cross.maccatalyst-x64 version 8.0.4 is already installed.
Writing workload pack installation record for Microsoft.NETCore.App.Runtime.AOT.Cross.maccatalyst-x64 version 8.0.4...
Installing pack Microsoft.NETCore.App.Runtime.Mono.maccatalyst-arm64 version 8.0.4...
Pack Microsoft.NETCore.App.Runtime.Mono.maccatalyst-arm64 version 8.0.4 is already installed.
Writing workload pack installation record for Microsoft.NETCore.App.Runtime.Mono.maccatalyst-arm64 version 8.0.4...
Installing pack Microsoft.NETCore.App.Runtime.Mono.maccatalyst-x64 version 8.0.4...
Pack Microsoft.NETCore.App.Runtime.Mono.maccatalyst-x64 version 8.0.4 is already installed.
Writing workload pack installation record for Microsoft.NETCore.App.Runtime.Mono.maccatalyst-x64 version 8.0.4...
Installing pack Microsoft.NET.Runtime.MonoAOTCompiler.Task version 8.0.4...
Pack Microsoft.NET.Runtime.MonoAOTCompiler.Task version 8.0.4 is already installed.
Writing workload pack installation record for Microsoft.NET.Runtime.MonoAOTCompiler.Task version 8.0.4...
Installing pack Microsoft.NET.Runtime.MonoTargets.Sdk version 8.0.4...
Pack Microsoft.NET.Runtime.MonoTargets.Sdk version 8.0.4 is already installed.
Writing workload pack installation record for Microsoft.NET.Runtime.MonoTargets.Sdk version 8.0.4...
Installing pack Microsoft.NETCore.App.Runtime.AOT.osx-x64.Cross.maccatalyst-arm64 version 7.0.18...
Pack Microsoft.NETCore.App.Runtime.AOT.osx-x64.Cross.maccatalyst-arm64 version 7.0.18 is already installed.
Writing workload pack installation record for Microsoft.NETCore.App.Runtime.AOT.Cross.net7.maccatalyst-arm64 version 7.0.18...
Installing pack Microsoft.NETCore.App.Runtime.AOT.osx-x64.Cross.maccatalyst-x64 version 7.0.18...
Pack Microsoft.NETCore.App.Runtime.AOT.osx-x64.Cross.maccatalyst-x64 version 7.0.18 is already installed.
Writing workload pack installation record for Microsoft.NETCore.App.Runtime.AOT.Cross.net7.maccatalyst-x64 version 7.0.18...
Installing pack Microsoft.NETCore.App.Runtime.Mono.maccatalyst-arm64 version 7.0.18...
Pack Microsoft.NETCore.App.Runtime.Mono.maccatalyst-arm64 version 7.0.18 is already installed.
Writing workload pack installation record for Microsoft.NETCore.App.Runtime.Mono.net7.maccatalyst-arm64 version 7.0.18...
Installing pack Microsoft.NETCore.App.Runtime.Mono.maccatalyst-x64 version 7.0.18...
Pack Microsoft.NETCore.App.Runtime.Mono.maccatalyst-x64 version 7.0.18 is already installed.
Writing workload pack installation record for Microsoft.NETCore.App.Runtime.Mono.net7.maccatalyst-x64 version 7.0.18...
Installing pack Microsoft.NET.Runtime.MonoAOTCompiler.Task version 7.0.18...
Pack Microsoft.NET.Runtime.MonoAOTCompiler.Task version 7.0.18 is already installed.
Writing workload pack installation record for Microsoft.NET.Runtime.MonoAOTCompiler.Task.net7 version 7.0.18...
Installing pack Microsoft.NET.Runtime.MonoTargets.Sdk version 7.0.18...
Pack Microsoft.NET.Runtime.MonoTargets.Sdk version 7.0.18 is already installed.
Writing workload pack installation record for Microsoft.NET.Runtime.MonoTargets.Sdk.net7 version 7.0.18...
----------------
Installing workloads: maui-android maui-ios maui-maccatalyst

Skipping NuGet package signature verification.
Installing pack Microsoft.AspNetCore.Components.WebView.Maui version 8.0.7...
Writing workload pack installation record for Microsoft.AspNetCore.Components.WebView.Maui version 8.0.7...
Installing pack Microsoft.Maui.Sdk version 8.0.7...
Writing workload pack installation record for Microsoft.Maui.Sdk.net8 version 8.0.7...
Installing pack Microsoft.Maui.Sdk version 7.0.101...
Writing workload pack installation record for Microsoft.Maui.Sdk.net7 version 7.0.101...
Installing pack Microsoft.Maui.Graphics version 8.0.7...
Writing workload pack installation record for Microsoft.Maui.Graphics version 8.0.7...
Installing pack Microsoft.Maui.Resizetizer version 8.0.7...
Writing workload pack installation record for Microsoft.Maui.Resizetizer version 8.0.7...
Installing pack Microsoft.Maui.Resizetizer.Sdk version 7.0.101...
Writing workload pack installation record for Microsoft.Maui.Resizetizer.Sdk version 7.0.101...
Installing pack Microsoft.Maui.Templates.net8 version 8.0.7...
Writing workload pack installation record for Microsoft.Maui.Templates.net8 version 8.0.7...
Installing pack Microsoft.Maui.Templates.net7 version 7.0.101...
Writing workload pack installation record for Microsoft.Maui.Templates.net7 version 7.0.101...
Installing pack Microsoft.Maui.Core version 8.0.7...
Writing workload pack installation record for Microsoft.Maui.Core version 8.0.7...
Installing pack Microsoft.Maui.Controls version 8.0.7...
Writing workload pack installation record for Microsoft.Maui.Controls version 8.0.7...
Installing pack Microsoft.Maui.Controls.Build.Tasks version 8.0.7...
Writing workload pack installation record for Microsoft.Maui.Controls.Build.Tasks version 8.0.7...
Installing pack Microsoft.Maui.Controls.Core version 8.0.7...
Writing workload pack installation record for Microsoft.Maui.Controls.Core version 8.0.7...
Installing pack Microsoft.Maui.Controls.Xaml version 8.0.7...
Writing workload pack installation record for Microsoft.Maui.Controls.Xaml version 8.0.7...
Installing pack Microsoft.Maui.Controls.Compatibility version 8.0.7...
Writing workload pack installation record for Microsoft.Maui.Controls.Compatibility version 8.0.7...
Installing pack Microsoft.Maui.Essentials version 8.0.7...
Writing workload pack installation record for Microsoft.Maui.Essentials version 8.0.7...
Installing pack Microsoft.Android.Sdk.Darwin version 34.0.95...
Writing workload pack installation record for Microsoft.Android.Sdk.net8 version 34.0.95...
Installing pack Microsoft.Android.Sdk.Darwin version 33.0.95...
Writing workload pack installation record for Microsoft.Android.Sdk.net7 version 33.0.95...
Installing pack Microsoft.Android.Ref.34 version 34.0.95...
Writing workload pack installation record for Microsoft.Android.Ref.34 version 34.0.95...
Installing pack Microsoft.Android.Runtime.34.android-arm version 34.0.95...
Writing workload pack installation record for Microsoft.Android.Runtime.34.android-arm version 34.0.95...
Installing pack Microsoft.Android.Runtime.34.android-arm64 version 34.0.95...
Writing workload pack installation record for Microsoft.Android.Runtime.34.android-arm64 version 34.0.95...
Installing pack Microsoft.Android.Runtime.34.android-x86 version 34.0.95...
Writing workload pack installation record for Microsoft.Android.Runtime.34.android-x86 version 34.0.95...
Installing pack Microsoft.Android.Runtime.34.android-x64 version 34.0.95...
Writing workload pack installation record for Microsoft.Android.Runtime.34.android-x64 version 34.0.95...
Installing pack Microsoft.Android.Templates version 34.0.95...
Writing workload pack installation record for Microsoft.Android.Templates version 34.0.95...
Installing pack Microsoft.NETCore.App.Runtime.Mono.android-arm version 7.0.18...
Writing workload pack installation record for Microsoft.NETCore.App.Runtime.Mono.net7.android-arm version 7.0.18...
Installing pack Microsoft.NETCore.App.Runtime.Mono.android-arm64 version 7.0.18...
Writing workload pack installation record for Microsoft.NETCore.App.Runtime.Mono.net7.android-arm64 version 7.0.18...
Installing pack Microsoft.NETCore.App.Runtime.Mono.android-x64 version 7.0.18...
Writing workload pack installation record for Microsoft.NETCore.App.Runtime.Mono.net7.android-x64 version 7.0.18...
Installing pack Microsoft.NETCore.App.Runtime.Mono.android-x86 version 7.0.18...
Writing workload pack installation record for Microsoft.NETCore.App.Runtime.Mono.net7.android-x86 version 7.0.18...
Installing pack Microsoft.NET.Runtime.MonoAOTCompiler.Task version 7.0.18...
Pack Microsoft.NET.Runtime.MonoAOTCompiler.Task version 7.0.18 is already installed.
Writing workload pack installation record for Microsoft.NET.Runtime.MonoAOTCompiler.Task.net7 version 7.0.18...
Installing pack Microsoft.NET.Runtime.MonoTargets.Sdk version 7.0.18...
Pack Microsoft.NET.Runtime.MonoTargets.Sdk version 7.0.18 is already installed.
Writing workload pack installation record for Microsoft.NET.Runtime.MonoTargets.Sdk.net7 version 7.0.18...
Installing pack Microsoft.NETCore.App.Runtime.AOT.osx-x64.Cross.android-x86 version 7.0.18...
Writing workload pack installation record for Microsoft.NETCore.App.Runtime.AOT.Cross.net7.android-x86 version 7.0.18...
Installing pack Microsoft.NETCore.App.Runtime.AOT.osx-x64.Cross.android-x64 version 7.0.18...
Writing workload pack installation record for Microsoft.NETCore.App.Runtime.AOT.Cross.net7.android-x64 version 7.0.18...
Installing pack Microsoft.NETCore.App.Runtime.AOT.osx-x64.Cross.android-arm version 7.0.18...
Writing workload pack installation record for Microsoft.NETCore.App.Runtime.AOT.Cross.net7.android-arm version 7.0.18...
Installing pack Microsoft.NETCore.App.Runtime.AOT.osx-x64.Cross.android-arm64 version 7.0.18...
Writing workload pack installation record for Microsoft.NETCore.App.Runtime.AOT.Cross.net7.android-arm64 version 7.0.18...
Installing pack Microsoft.NETCore.App.Runtime.Mono.android-arm version 8.0.4...
Writing workload pack installation record for Microsoft.NETCore.App.Runtime.Mono.android-arm version 8.0.4...
Installing pack Microsoft.NETCore.App.Runtime.Mono.android-arm64 version 8.0.4...
Writing workload pack installation record for Microsoft.NETCore.App.Runtime.Mono.android-arm64 version 8.0.4...
Installing pack Microsoft.NETCore.App.Runtime.Mono.android-x64 version 8.0.4...
Writing workload pack installation record for Microsoft.NETCore.App.Runtime.Mono.android-x64 version 8.0.4...
Installing pack Microsoft.NETCore.App.Runtime.Mono.android-x86 version 8.0.4...
Writing workload pack installation record for Microsoft.NETCore.App.Runtime.Mono.android-x86 version 8.0.4...
Installing pack Microsoft.NET.Runtime.MonoAOTCompiler.Task version 8.0.4...
Pack Microsoft.NET.Runtime.MonoAOTCompiler.Task version 8.0.4 is already installed.
Writing workload pack installation record for Microsoft.NET.Runtime.MonoAOTCompiler.Task version 8.0.4...
Installing pack Microsoft.NET.Runtime.MonoTargets.Sdk version 8.0.4...
Pack Microsoft.NET.Runtime.MonoTargets.Sdk version 8.0.4 is already installed.
Writing workload pack installation record for Microsoft.NET.Runtime.MonoTargets.Sdk version 8.0.4...
Installing pack Microsoft.NETCore.App.Runtime.AOT.osx-arm64.Cross.android-x86 version 8.0.4...
Writing workload pack installation record for Microsoft.NETCore.App.Runtime.AOT.Cross.android-x86 version 8.0.4...
Installing pack Microsoft.NETCore.App.Runtime.AOT.osx-arm64.Cross.android-x64 version 8.0.4...
Writing workload pack installation record for Microsoft.NETCore.App.Runtime.AOT.Cross.android-x64 version 8.0.4...
Installing pack Microsoft.NETCore.App.Runtime.AOT.osx-arm64.Cross.android-arm version 8.0.4...
Writing workload pack installation record for Microsoft.NETCore.App.Runtime.AOT.Cross.android-arm version 8.0.4...
Installing pack Microsoft.NETCore.App.Runtime.AOT.osx-arm64.Cross.android-arm64 version 8.0.4...
Writing workload pack installation record for Microsoft.NETCore.App.Runtime.AOT.Cross.android-arm64 version 8.0.4...
Installing pack Microsoft.iOS.Sdk version 17.2.8053...
Writing workload pack installation record for Microsoft.iOS.Sdk.net8 version 17.2.8053...
Installing pack Microsoft.iOS.Sdk version 16.4.7142...
Writing workload pack installation record for Microsoft.iOS.Sdk.net7 version 16.4.7142...
Installing pack Microsoft.iOS.Ref version 17.2.8053...
Writing workload pack installation record for Microsoft.iOS.Ref version 17.2.8053...
Installing pack Microsoft.iOS.Runtime.ios-arm64 version 17.2.8053...
Writing workload pack installation record for Microsoft.iOS.Runtime.ios-arm64 version 17.2.8053...
Installing pack Microsoft.iOS.Runtime.iossimulator-x64 version 17.2.8053...
Writing workload pack installation record for Microsoft.iOS.Runtime.iossimulator-x64 version 17.2.8053...
Installing pack Microsoft.iOS.Runtime.iossimulator-arm64 version 17.2.8053...
Writing workload pack installation record for Microsoft.iOS.Runtime.iossimulator-arm64 version 17.2.8053...
Installing pack Microsoft.iOS.Templates version 17.2.8053...
Writing workload pack installation record for Microsoft.iOS.Templates.net8 version 17.2.8053...
Installing pack Microsoft.NETCore.App.Runtime.AOT.osx-arm64.Cross.ios-arm64 version 8.0.4...
Writing workload pack installation record for Microsoft.NETCore.App.Runtime.AOT.Cross.ios-arm64 version 8.0.4...
Installing pack Microsoft.NETCore.App.Runtime.AOT.osx-arm64.Cross.iossimulator-arm64 version 8.0.4...
Writing workload pack installation record for Microsoft.NETCore.App.Runtime.AOT.Cross.iossimulator-arm64 version 8.0.4...
Installing pack Microsoft.NETCore.App.Runtime.AOT.osx-arm64.Cross.iossimulator-x64 version 8.0.4...
Writing workload pack installation record for Microsoft.NETCore.App.Runtime.AOT.Cross.iossimulator-x64 version 8.0.4...
Installing pack Microsoft.NETCore.App.Runtime.Mono.ios-arm64 version 8.0.4...
Writing workload pack installation record for Microsoft.NETCore.App.Runtime.Mono.ios-arm64 version 8.0.4...
Installing pack Microsoft.NETCore.App.Runtime.Mono.iossimulator-arm64 version 8.0.4...
Writing workload pack installation record for Microsoft.NETCore.App.Runtime.Mono.iossimulator-arm64 version 8.0.4...
Installing pack Microsoft.NETCore.App.Runtime.Mono.iossimulator-x64 version 8.0.4...
Writing workload pack installation record for Microsoft.NETCore.App.Runtime.Mono.iossimulator-x64 version 8.0.4...
Installing pack Microsoft.NETCore.App.Runtime.AOT.osx-x64.Cross.ios-arm version 7.0.18...
Writing workload pack installation record for Microsoft.NETCore.App.Runtime.AOT.Cross.net7.ios-arm version 7.0.18...
Installing pack Microsoft.NETCore.App.Runtime.AOT.osx-x64.Cross.ios-arm64 version 7.0.18...
Writing workload pack installation record for Microsoft.NETCore.App.Runtime.AOT.Cross.net7.ios-arm64 version 7.0.18...
Installing pack Microsoft.NETCore.App.Runtime.AOT.osx-x64.Cross.iossimulator-arm64 version 7.0.18...
Writing workload pack installation record for Microsoft.NETCore.App.Runtime.AOT.Cross.net7.iossimulator-arm64 version 7.0.18...
Installing pack Microsoft.NETCore.App.Runtime.AOT.osx-x64.Cross.iossimulator-x64 version 7.0.18...
Writing workload pack installation record for Microsoft.NETCore.App.Runtime.AOT.Cross.net7.iossimulator-x64 version 7.0.18...
Installing pack Microsoft.NETCore.App.Runtime.AOT.osx-x64.Cross.iossimulator-x86 version 7.0.18...
Writing workload pack installation record for Microsoft.NETCore.App.Runtime.AOT.Cross.net7.iossimulator-x86 version 7.0.18...
Installing pack Microsoft.NETCore.App.Runtime.Mono.ios-arm version 7.0.18...
Writing workload pack installation record for Microsoft.NETCore.App.Runtime.Mono.net7.ios-arm version 7.0.18...
Installing pack Microsoft.NETCore.App.Runtime.Mono.ios-arm64 version 7.0.18...
Writing workload pack installation record for Microsoft.NETCore.App.Runtime.Mono.net7.ios-arm64 version 7.0.18...
Installing pack Microsoft.NETCore.App.Runtime.Mono.iossimulator-arm64 version 7.0.18...
Writing workload pack installation record for Microsoft.NETCore.App.Runtime.Mono.net7.iossimulator-arm64 version 7.0.18...
Installing pack Microsoft.NETCore.App.Runtime.Mono.iossimulator-x64 version 7.0.18...
Writing workload pack installation record for Microsoft.NETCore.App.Runtime.Mono.net7.iossimulator-x64 version 7.0.18...
Installing pack Microsoft.NETCore.App.Runtime.Mono.iossimulator-x86 version 7.0.18...
Writing workload pack installation record for Microsoft.NETCore.App.Runtime.Mono.net7.iossimulator-x86 version 7.0.18...
Installing pack Microsoft.MacCatalyst.Sdk version 17.2.8053...
Pack Microsoft.MacCatalyst.Sdk version 17.2.8053 is already installed.
Writing workload pack installation record for Microsoft.MacCatalyst.Sdk.net8 version 17.2.8053...
Installing pack Microsoft.MacCatalyst.Sdk version 16.4.7142...
Pack Microsoft.MacCatalyst.Sdk version 16.4.7142 is already installed.
Writing workload pack installation record for Microsoft.MacCatalyst.Sdk.net7 version 16.4.7142...
Installing pack Microsoft.MacCatalyst.Ref version 17.2.8053...
Pack Microsoft.MacCatalyst.Ref version 17.2.8053 is already installed.
Writing workload pack installation record for Microsoft.MacCatalyst.Ref version 17.2.8053...
Installing pack Microsoft.MacCatalyst.Runtime.maccatalyst-x64 version 17.2.8053...
Pack Microsoft.MacCatalyst.Runtime.maccatalyst-x64 version 17.2.8053 is already installed.
Writing workload pack installation record for Microsoft.MacCatalyst.Runtime.maccatalyst-x64 version 17.2.8053...
Installing pack Microsoft.MacCatalyst.Runtime.maccatalyst-arm64 version 17.2.8053...
Pack Microsoft.MacCatalyst.Runtime.maccatalyst-arm64 version 17.2.8053 is already installed.
Writing workload pack installation record for Microsoft.MacCatalyst.Runtime.maccatalyst-arm64 version 17.2.8053...
Installing pack Microsoft.MacCatalyst.Templates version 17.2.8053...
Pack Microsoft.MacCatalyst.Templates version 17.2.8053 is already installed.
Writing workload pack installation record for Microsoft.MacCatalyst.Templates.net8 version 17.2.8053...
Installing pack Microsoft.NETCore.App.Runtime.AOT.osx-arm64.Cross.maccatalyst-arm64 version 8.0.4...
Pack Microsoft.NETCore.App.Runtime.AOT.osx-arm64.Cross.maccatalyst-arm64 version 8.0.4 is already installed.
Writing workload pack installation record for Microsoft.NETCore.App.Runtime.AOT.Cross.maccatalyst-arm64 version 8.0.4...
Installing pack Microsoft.NETCore.App.Runtime.AOT.osx-arm64.Cross.maccatalyst-x64 version 8.0.4...
Pack Microsoft.NETCore.App.Runtime.AOT.osx-arm64.Cross.maccatalyst-x64 version 8.0.4 is already installed.
Writing workload pack installation record for Microsoft.NETCore.App.Runtime.AOT.Cross.maccatalyst-x64 version 8.0.4...
Installing pack Microsoft.NETCore.App.Runtime.Mono.maccatalyst-arm64 version 8.0.4...
Pack Microsoft.NETCore.App.Runtime.Mono.maccatalyst-arm64 version 8.0.4 is already installed.
Writing workload pack installation record for Microsoft.NETCore.App.Runtime.Mono.maccatalyst-arm64 version 8.0.4...
Installing pack Microsoft.NETCore.App.Runtime.Mono.maccatalyst-x64 version 8.0.4...
Pack Microsoft.NETCore.App.Runtime.Mono.maccatalyst-x64 version 8.0.4 is already installed.
Writing workload pack installation record for Microsoft.NETCore.App.Runtime.Mono.maccatalyst-x64 version 8.0.4...
Installing pack Microsoft.NETCore.App.Runtime.AOT.osx-x64.Cross.maccatalyst-arm64 version 7.0.18...
Pack Microsoft.NETCore.App.Runtime.AOT.osx-x64.Cross.maccatalyst-arm64 version 7.0.18 is already installed.
Writing workload pack installation record for Microsoft.NETCore.App.Runtime.AOT.Cross.net7.maccatalyst-arm64 version 7.0.18...
Installing pack Microsoft.NETCore.App.Runtime.AOT.osx-x64.Cross.maccatalyst-x64 version 7.0.18...
Pack Microsoft.NETCore.App.Runtime.AOT.osx-x64.Cross.maccatalyst-x64 version 7.0.18 is already installed.
Writing workload pack installation record for Microsoft.NETCore.App.Runtime.AOT.Cross.net7.maccatalyst-x64 version 7.0.18...
Installing pack Microsoft.NETCore.App.Runtime.Mono.maccatalyst-arm64 version 7.0.18...
Pack Microsoft.NETCore.App.Runtime.Mono.maccatalyst-arm64 version 7.0.18 is already installed.
Writing workload pack installation record for Microsoft.NETCore.App.Runtime.Mono.net7.maccatalyst-arm64 version 7.0.18...
Installing pack Microsoft.NETCore.App.Runtime.Mono.maccatalyst-x64 version 7.0.18...
Pack Microsoft.NETCore.App.Runtime.Mono.maccatalyst-x64 version 7.0.18 is already installed.
Writing workload pack installation record for Microsoft.NETCore.App.Runtime.Mono.net7.maccatalyst-x64 version 7.0.18...
Installing pack Aspire.Hosting.Sdk version 8.0.0-preview.6.24214.1...
Pack Aspire.Hosting.Sdk version 8.0.0-preview.6.24214.1 is already installed.
Writing workload pack installation record for Aspire.Hosting.Sdk version 8.0.0-preview.6.24214.1...
Installing pack Aspire.ProjectTemplates version 8.0.0-preview.6.24214.1...
Pack Aspire.ProjectTemplates version 8.0.0-preview.6.24214.1 is already installed.
Writing workload pack installation record for Aspire.ProjectTemplates version 8.0.0-preview.6.24214.1...
Installing pack Aspire.Hosting.Orchestration.osx-arm64 version 8.0.0-preview.6.24214.1...
Pack Aspire.Hosting.Orchestration.osx-arm64 version 8.0.0-preview.6.24214.1 is already installed.
Writing workload pack installation record for Aspire.Hosting.Orchestration version 8.0.0-preview.6.24214.1...
Installing pack Aspire.Hosting version 8.0.0-preview.6.24214.1...
Pack Aspire.Hosting version 8.0.0-preview.6.24214.1 is already installed.
Writing workload pack installation record for Aspire.Hosting version 8.0.0-preview.6.24214.1...
Installing pack Aspire.Dashboard.Sdk.osx-arm64 version 8.0.0-preview.6.24214.1...
Pack Aspire.Dashboard.Sdk.osx-arm64 version 8.0.0-preview.6.24214.1 is already installed.
Writing workload pack installation record for Aspire.Dashboard.Sdk version 8.0.0-preview.6.24214.1...
Garbage collecting for SDK feature band(s) 6.0.400 7.0.100 7.0.200 7.0.300 8.0.100 8.0.200...

Successfully installed workload(s) maui-android maui-ios maui-maccatalyst aspire maccatalyst.

rajaniapple@Rajanis-MacBook-Pro MauiBlazorWeb.Maui % dotnet run
The launch profile "(Default)" could not be applied.
A usable launch profile could not be located.
/usr/local/share/dotnet/packs/Microsoft.Android.Sdk.Darwin/34.0.95/tools/Xamarin.Android.Tooling.targets(70,5): warning : An exception occurred while reading the output of '/usr/libexec/java_home -X'. Exception: Root element is missing. [/Users/rajaniapple/Desktop/GitHub/CS/macOSarm64/Blazor/Blazor/8.0/MauiBlazorWeb/MauiBlazorWeb.Maui/MauiBlazorWeb.Maui.csproj::TargetFramework=net8.0-android]
/usr/local/share/dotnet/packs/Microsoft.Android.Sdk.Darwin/34.0.95/tools/Xamarin.Android.Tooling.targets(70,5): warning XA5300: An exception occurred while reading the output of '/usr/libexec/java_home -X'. Exception: Root element is missing. [/Users/rajaniapple/Desktop/GitHub/CS/macOSarm64/Blazor/Blazor/8.0/MauiBlazorWeb/MauiBlazorWeb.Maui/MauiBlazorWeb.Maui.csproj::TargetFramework=net8.0-android]
/usr/local/share/dotnet/packs/Microsoft.Android.Sdk.Darwin/34.0.95/tools/Xamarin.Android.Tooling.targets(70,5): error XA5300: The Java SDK directory could not be found. Install the Java SDK by following the instructions at: https://aka.ms/dotnet-android-install-sdk [/Users/rajaniapple/Desktop/GitHub/CS/macOSarm64/Blazor/Blazor/8.0/MauiBlazorWeb/MauiBlazorWeb.Maui/MauiBlazorWeb.Maui.csproj::TargetFramework=net8.0-android]
/usr/local/share/dotnet/packs/Microsoft.Android.Sdk.Darwin/34.0.95/tools/Xamarin.Android.Tooling.targets(70,5): error XA5300: To use a custom JDK path for a command line build, set the 'JavaSdkDirectory' MSBuild property to the custom path. [/Users/rajaniapple/Desktop/GitHub/CS/macOSarm64/Blazor/Blazor/8.0/MauiBlazorWeb/MauiBlazorWeb.Maui/MauiBlazorWeb.Maui.csproj::TargetFramework=net8.0-android]
/usr/local/share/dotnet/packs/Microsoft.iOS.Sdk/17.2.8053/tools/msbuild/iOS/Xamarin.Shared.targets(885,3): error : /usr/bin/xcrun exited with code 1 [/Users/rajaniapple/Desktop/GitHub/CS/macOSarm64/Blazor/Blazor/8.0/MauiBlazorWeb/MauiBlazorWeb.Maui/MauiBlazorWeb.Maui.csproj::TargetFramework=net8.0-ios]
/usr/local/share/dotnet/packs/Microsoft.iOS.Sdk/17.2.8053/tools/msbuild/iOS/Xamarin.Shared.targets(885,3): error :          [/Users/rajaniapple/Desktop/GitHub/CS/macOSarm64/Blazor/Blazor/8.0/MauiBlazorWeb/MauiBlazorWeb.Maui/MauiBlazorWeb.Maui.csproj::TargetFramework=net8.0-ios]
/usr/local/share/dotnet/packs/Microsoft.iOS.Sdk/17.2.8053/tools/msbuild/iOS/Xamarin.Shared.targets(885,3): error : actool exited with code 1 [/Users/rajaniapple/Desktop/GitHub/CS/macOSarm64/Blazor/Blazor/8.0/MauiBlazorWeb/MauiBlazorWeb.Maui/MauiBlazorWeb.Maui.csproj::TargetFramework=net8.0-ios]
/usr/local/share/dotnet/packs/Microsoft.iOS.Sdk/17.2.8053/tools/msbuild/iOS/Xamarin.Shared.targets(885,3): error :          [/Users/rajaniapple/Desktop/GitHub/CS/macOSarm64/Blazor/Blazor/8.0/MauiBlazorWeb/MauiBlazorWeb.Maui/MauiBlazorWeb.Maui.csproj::TargetFramework=net8.0-ios]
/Users/rajaniapple/Desktop/GitHub/CS/macOSarm64/Blazor/Blazor/8.0/MauiBlazorWeb/MauiBlazorWeb.Maui/obj/Debug/net8.0-ios/iossimulator-arm64/actool/cloned-assets/Assets.xcassets : actool error : The operation couldn’t be completed. Failed to locate any simulator runtime matching options: { [/Users/rajaniapple/Desktop/GitHub/CS/macOSarm64/Blazor/Blazor/8.0/MauiBlazorWeb/MauiBlazorWeb.Maui/MauiBlazorWeb.Maui.csproj::TargetFramework=net8.0-ios]
/Users/rajaniapple/Desktop/GitHub/CS/macOSarm64/Blazor/Blazor/8.0/MauiBlazorWeb/MauiBlazorWeb.Maui/obj/Debug/net8.0-ios/iossimulator-arm64/actool/cloned-assets/Assets.xcassets : actool error :     BuildVersionString = 21C52; [/Users/rajaniapple/Desktop/GitHub/CS/macOSarm64/Blazor/Blazor/8.0/MauiBlazorWeb/MauiBlazorWeb.Maui/MauiBlazorWeb.Maui.csproj::TargetFramework=net8.0-ios]
/Users/rajaniapple/Desktop/GitHub/CS/macOSarm64/Blazor/Blazor/8.0/MauiBlazorWeb/MauiBlazorWeb.Maui/obj/Debug/net8.0-ios/iossimulator-arm64/actool/cloned-assets/Assets.xcassets : actool error :     Platforms =     ( [/Users/rajaniapple/Desktop/GitHub/CS/macOSarm64/Blazor/Blazor/8.0/MauiBlazorWeb/MauiBlazorWeb.Maui/MauiBlazorWeb.Maui.csproj::TargetFramework=net8.0-ios]
/Users/rajaniapple/Desktop/GitHub/CS/macOSarm64/Blazor/Blazor/8.0/MauiBlazorWeb/MauiBlazorWeb.Maui/obj/Debug/net8.0-ios/iossimulator-arm64/actool/cloned-assets/Assets.xcassets : actool error :         "com.apple.platform.iphonesimulator" [/Users/rajaniapple/Desktop/GitHub/CS/macOSarm64/Blazor/Blazor/8.0/MauiBlazorWeb/MauiBlazorWeb.Maui/MauiBlazorWeb.Maui.csproj::TargetFramework=net8.0-ios]
/Users/rajaniapple/Desktop/GitHub/CS/macOSarm64/Blazor/Blazor/8.0/MauiBlazorWeb/MauiBlazorWeb.Maui/obj/Debug/net8.0-ios/iossimulator-arm64/actool/cloned-assets/Assets.xcassets : actool error :     ); [/Users/rajaniapple/Desktop/GitHub/CS/macOSarm64/Blazor/Blazor/8.0/MauiBlazorWeb/MauiBlazorWeb.Maui/MauiBlazorWeb.Maui.csproj::TargetFramework=net8.0-ios]
/Users/rajaniapple/Desktop/GitHub/CS/macOSarm64/Blazor/Blazor/8.0/MauiBlazorWeb/MauiBlazorWeb.Maui/obj/Debug/net8.0-ios/iossimulator-arm64/actool/cloned-assets/Assets.xcassets : actool error :     VersionString = "17.2"; [/Users/rajaniapple/Desktop/GitHub/CS/macOSarm64/Blazor/Blazor/8.0/MauiBlazorWeb/MauiBlazorWeb.Maui/MauiBlazorWeb.Maui.csproj::TargetFramework=net8.0-ios]
/Users/rajaniapple/Desktop/GitHub/CS/macOSarm64/Blazor/Blazor/8.0/MauiBlazorWeb/MauiBlazorWeb.Maui/obj/Debug/net8.0-ios/iossimulator-arm64/actool/cloned-assets/Assets.xcassets : actool error : } [/Users/rajaniapple/Desktop/GitHub/CS/macOSarm64/Blazor/Blazor/8.0/MauiBlazorWeb/MauiBlazorWeb.Maui/MauiBlazorWeb.Maui.csproj::TargetFramework=net8.0-ios]

The build failed. Fix the build errors and run again.
rajaniapple@Rajanis-MacBook-Pro MauiBlazorWeb.Maui % 
