Last login: Mon Apr 29 20:13:42 on ttys000
rajaniapple@Rajanis-MacBook-Pro ~ % dotnet --version                                                                                   
8.0.204
rajaniapple@Rajanis-MacBook-Pro ~ % cd /Users/rajaniapple/Desktop/GitHub/CS/macOSarm64/Blazor/Blazor/8.0/BlazorWebAssemblyStandaloneWithIdentity/       
rajaniapple@Rajanis-MacBook-Pro BlazorWebAssemblyStandaloneWithIdentity % dotnet build
MSBuild version 17.9.8+b34f75857 for .NET
  Determining projects to restore...
  Restored /Users/rajaniapple/Desktop/GitHub/CS/macOSarm64/Blazor/Blazor/8.0/BlazorWebAssemblyStandaloneWithIdentity/BlazorWasmAuth/BlazorWasmAuth.csproj (in 172 ms).
  Restored /Users/rajaniapple/Desktop/GitHub/CS/macOSarm64/Blazor/Blazor/8.0/BlazorWebAssemblyStandaloneWithIdentity/Backend/Backend.csproj (in 181 ms).
  Backend -> /Users/rajaniapple/Desktop/GitHub/CS/macOSarm64/Blazor/Blazor/8.0/BlazorWebAssemblyStandaloneWithIdentity/Backend/bin/Debug/net8.0/Backend.dll
  BlazorWasmAuth -> /Users/rajaniapple/Desktop/GitHub/CS/macOSarm64/Blazor/Blazor/8.0/BlazorWebAssemblyStandaloneWithIdentity/BlazorWasmAuth/bin/Debug/net8.0/BlazorWasmAuth.dll
  BlazorWasmAuth (Blazor output) -> /Users/rajaniapple/Desktop/GitHub/CS/macOSarm64/Blazor/Blazor/8.0/BlazorWebAssemblyStandaloneWithIdentity/BlazorWasmAuth/bin/Debug/net8.0/wwwroot

Build succeeded.
    0 Warning(s)
    0 Error(s)

Time Elapsed 00:00:01.87
rajaniapple@Rajanis-MacBook-Pro BlazorWebAssemblyStandaloneWithIdentity % cd Backend
rajaniapple@Rajanis-MacBook-Pro Backend % cat Properties/launchSettings.json
{
  "$schema": "http://json.schemastore.org/launchsettings.json",
  "iisSettings": {
    "windowsAuthentication": false,
    "anonymousAuthentication": true,
    "iisExpress": {
      "applicationUrl": "http://localhost:27123",
      "sslPort": 44394
    }
  },
  "profiles": {
    "https": {
      "commandName": "Project",
      "dotnetRunMessages": true,
      "launchBrowser": true,
      "launchUrl": "swagger",
      "applicationUrl": "https://localhost:7211;http://localhost:5266",
      "environmentVariables": {
        "ASPNETCORE_ENVIRONMENT": "Development"
      }
    },
    "http": {
      "commandName": "Project",
      "dotnetRunMessages": true,
      "launchBrowser": true,
      "launchUrl": "swagger",
      "applicationUrl": "http://localhost:5266",
      "environmentVariables": {
        "ASPNETCORE_ENVIRONMENT": "Development"
      }
    },
    "IIS Express": {
      "commandName": "IISExpress",
      "launchBrowser": true,
      "launchUrl": "swagger",
      "environmentVariables": {
        "ASPNETCORE_ENVIRONMENT": "Development"
      }
    }
  }
}                                                                       
rajaniapple@Rajanis-MacBook-Pro Backend % dotnet run -lp https                                                                                         
Building...
info: Microsoft.EntityFrameworkCore.Update[30100]
      Saved 1 entities to in-memory store.
info: Microsoft.EntityFrameworkCore.Update[30100]
      Saved 1 entities to in-memory store.
info: Microsoft.EntityFrameworkCore.Update[30100]
      Saved 1 entities to in-memory store.
info: Microsoft.EntityFrameworkCore.Update[30100]
      Saved 1 entities to in-memory store.
info: Microsoft.EntityFrameworkCore.Update[30100]
      Saved 3 entities to in-memory store.
info: Microsoft.EntityFrameworkCore.Update[30100]
      Saved 1 entities to in-memory store.
info: Microsoft.EntityFrameworkCore.Update[30100]
      Saved 2 entities to in-memory store.
info: Microsoft.Hosting.Lifetime[14]
      Now listening on: https://localhost:7211
info: Microsoft.Hosting.Lifetime[14]
      Now listening on: http://localhost:5266
info: Microsoft.Hosting.Lifetime[0]
      Application started. Press Ctrl+C to shut down.
info: Microsoft.Hosting.Lifetime[0]
      Hosting environment: Development
info: Microsoft.Hosting.Lifetime[0]
      Content root path: /Users/rajaniapple/Desktop/GitHub/CS/macOSarm64/Blazor/Blazor/8.0/BlazorWebAssemblyStandaloneWithIdentity/Backend
info: Microsoft.EntityFrameworkCore.Update[30100]
      Saved 1 entities to in-memory store.
^Cinfo: Microsoft.Hosting.Lifetime[0]
      Application is shutting down...
rajaniapple@Rajanis-MacBook-Pro Backend % 
